{
    "sarscov2 - bam - stub": {
        "content": [
            {
                "0": [
                    [
                        {
                            "id": "test"
                        },
                        "test.vcf:md5,d41d8cd98f00b204e9800998ecf8427e"
                    ]
                ],
                "1": [
                    "versions.yml:md5,cc6d48cc1e81c73a02d158459281b500"
                ],
                "vcf": [
                    [
                        {
                            "id": "test"
                        },
                        "test.vcf:md5,d41d8cd98f00b204e9800998ecf8427e"
                    ]
                ],
                "versions": [
                    "versions.yml:md5,cc6d48cc1e81c73a02d158459281b500"
                ]
            }
        ],
        "meta": {
            "nf-test": "0.9.1",
            "nextflow": "24.10.0"
        },
        "timestamp": "2024-11-15T13:04:12.419178195"
    },
    "sarscov2 - bam - intervals": {
        "content": [
            "d41d8cd98f00b204e9800998ecf8427e",
            [
                "versions.yml:md5,cc6d48cc1e81c73a02d158459281b500"
            ]
        ],
        "meta": {
            "nf-test": "0.9.1",
            "nextflow": "24.10.0"
        },
        "timestamp": "2024-11-15T13:03:36.204251269"
    },
    "sarscov2 - bam - gvcf": {
        "content": [
            "d2ded4648e61277ccc625a5f71624a11",
            [
                "versions.yml:md5,cc6d48cc1e81c73a02d158459281b500"
            ]
        ],
        "meta": {
            "nf-test": "0.9.1",
            "nextflow": "24.10.0"
        },
        "timestamp": "2024-11-15T13:03:59.824887649"
    },
    "sarscov2 - bam - gvcf - stub": {
        "content": [
            {
                "0": [
                    [
                        {
                            "id": "test"
                        },
                        "test.g.vcf:md5,d41d8cd98f00b204e9800998ecf8427e"
                    ]
                ],
                "1": [
                    "versions.yml:md5,cc6d48cc1e81c73a02d158459281b500"
                ],
                "vcf": [
                    [
                        {
                            "id": "test"
                        },
                        "test.g.vcf:md5,d41d8cd98f00b204e9800998ecf8427e"
                    ]
                ],
                "versions": [
                    "versions.yml:md5,cc6d48cc1e81c73a02d158459281b500"
                ]
            }
        ],
        "meta": {
            "nf-test": "0.9.1",
            "nextflow": "24.10.0"
        },
        "timestamp": "2024-11-15T13:04:24.9323125"
    },
    "sarscov2 - bam - no_intervals": {
        "content": [
            "5cf2ef5440f26fc7c2f91a8216cbde04",
            [
                "versions.yml:md5,cc6d48cc1e81c73a02d158459281b500"
            ]
        ],
        "meta": {
            "nf-test": "0.9.1",
            "nextflow": "24.10.0"
        },
        "timestamp": "2024-11-15T13:03:10.486017359"
    }
}
